// Jest Snapshot v1, https://goo.gl/fbAQLP

exports[`Card Component Card UI renders as expected 1`] = `
<div
  className="Card"
>
  <h3 />
  <p />
  <button
    type="button"
  >
     delete 
  </button>
</div>
`;
